MPLINK 5.09, LINKER
Linker Map File - Created Thu Dec 23 04:17:58 2021

                                 Section Info
                  Section       Type    Address   Location Size(Bytes)
                ---------  ---------  ---------  ---------  ---------
                   .org_0       code   0x000000    program   0x000040
                   .cinit    romdata   0x000040    program   0x000002
                    dbgP0       code   0x007dc0    program   0x000240
.config_300001_BUILD/DEFAULT/DEBUG/LAB6-1.O    romdata   0x300001    program   0x000001
.config_300003_BUILD/DEFAULT/DEBUG/LAB6-1.O    romdata   0x300003    program   0x000001
                    dbgD0      udata   0x0005f4       data   0x00000c



                              Program Memory Usage 
                               Start         End      
                           ---------   ---------      
                            0x000000    0x000041      
                            0x007dc0    0x007fff      
                            0x300001    0x300001      
                            0x300003    0x300003      
            644 out of 33048 program addresses used, program memory utilization is 1%



                              Symbols - Sorted by Name
                     Name    Address   Location    Storage File                     
                ---------  ---------  ---------  --------- ---------                
                  _1LOOP1   0x00002c    program     static C:\Users\grgy0\MPLABXProjects\Lab.X\lab6-1.asm
                  _1LOOP2   0x000028    program     static C:\Users\grgy0\MPLABXProjects\Lab.X\lab6-1.asm
              check_press   0x000016    program     static C:\Users\grgy0\MPLABXProjects\Lab.X\lab6-1.asm
                     init   0x000000    program     static C:\Users\grgy0\MPLABXProjects\Lab.X\lab6-1.asm
                 light_up   0x00001c    program     static C:\Users\grgy0\MPLABXProjects\Lab.X\lab6-1.asm
                    start   0x000000    program     static C:\Users\grgy0\MPLABXProjects\Lab.X\lab6-1.asm



                              Symbols - Sorted by Address
                     Name    Address   Location    Storage File                     
                ---------  ---------  ---------  --------- ---------                
                     init   0x000000    program     static C:\Users\grgy0\MPLABXProjects\Lab.X\lab6-1.asm
                    start   0x000000    program     static C:\Users\grgy0\MPLABXProjects\Lab.X\lab6-1.asm
              check_press   0x000016    program     static C:\Users\grgy0\MPLABXProjects\Lab.X\lab6-1.asm
                 light_up   0x00001c    program     static C:\Users\grgy0\MPLABXProjects\Lab.X\lab6-1.asm
                  _1LOOP2   0x000028    program     static C:\Users\grgy0\MPLABXProjects\Lab.X\lab6-1.asm
                  _1LOOP1   0x00002c    program     static C:\Users\grgy0\MPLABXProjects\Lab.X\lab6-1.asm


