Microchip MPLAB XC8 Compiler V2.32

Linker command line:

-W-3 --edf=C:\Program Files\Microchip\xc8\v2.32\pic\dat\en_msgs.txt -cn \
  -h+dist/default/debug\Lab5.X.debug.sym \
  --cmf=dist/default/debug\Lab5.X.debug.cmf -z -Q18F4520 \
  -oC:\Users\grgy0\AppData\Local\Temp\xcAs118s.4 --defsym=__MPLAB_BUILD=1 \
  -Mdist/default/debug/Lab5.X.debug.map -E1 -ver=XC8 Compiler --acfsm=1493 \
  -ASTACK=080h-05F3h -pstack=STACK -ACODE=00h-07DBFh -ACONST=00h-07DBFh \
  -ASMALLCONST=0600h-06FFhx119,07D00h-07DBFh -AMEDIUMCONST=0600h-07DBFh \
  -ACOMRAM=01h-07Fh -AABS1=00h-05F3h -ABIGRAM=01h-05F3h \
  -ARAM=080h-0FFh,0100h-01FFhx4,0500h-05F3h -ABANK0=080h-0FFh \
  -ABANK1=0100h-01FFh -ABANK2=0200h-02FFh -ABANK3=0300h-03FFh \
  -ABANK4=0400h-04FFh -ABANK5=0500h-05F3h \
  -ASFR=0F80h-0F9Bh,0F9Dh-0FD3h,0FD5h-0FDAh,0FE0h-0FE2h,0FE8h-0FEAh,0FF0h-0FFCh \
  -ACONFIG=0300000h-030000Dh -AIDLOC=0200000h-0200007h \
  -AEEDATA=0F00000h-0F000FFh -peeprom_data=EEDATA \
  -preset_vec=00h,intcode,intcodelo,powerup,init -pramtop=0600h \
  -psmallconst=SMALLCONST -pmediumconst=MEDIUMCONST -pconst=CONST \
  -AFARRAM=00h-00h \
  -prdata=COMRAM,nvrram=COMRAM,nvbit=COMRAM,rbss=COMRAM,rbit=COMRAM \
  -pfarbss=FARRAM,fardata=FARRAM,nvFARRAM=FARRAM \
  -pintsave_regs=BIGRAM,bigbss=BIGRAM,bigdata=BIGRAM -pbss=RAM \
  -pidata=CODE,irdata=CODE,ibigdata=CODE,ifardata=CODE -prparam=COMRAM \
  C:\Users\grgy0\AppData\Local\Temp\xcAs118s.o \
  dist/default/debug\Lab5.X.debug.o 

Object code version is 3.11

Machine type is 18F4520



                Name                               Link     Load   Length Selector   Space Scale
C:\Users\grgy0\AppData\Local\Temp\xcAs118s.o
                idloc                            200000   200000        8        0       5
                config                           300000   300000        E        0       4
                init                                  0        0        4        0       0
dist/default/debug\Lab5.X.debug.o
                idloc                            200000   200000        8        0       5
                config                           300000   300000        E        0       4
                text7                              7BC6     7BC6      1FA     3DE3       0
                text6                              772E     772E       6A     3B97       0
                text5                              7798     7798       6C     3BCC       0
                text4                              78E2     78E2       F0     3C71       0
                text3                              76BC     76BC       26     3B5E       0
                text2                              76E2     76E2       4C     3B71       0
                text1                              79D2     79D2      1F4     3CE9       0
                text0                              7804     7804       DE     3C02       0
                cstackCOMRAM                          1        1       1C        1       1
                bssCOMRAM                            21       21        4        1       1
                cinit                              76AE     76AE        E     3B57       0
                nvCOMRAM                             1D       1D        4        1       1

TOTAL           Name                               Link     Load   Length     Space
        CLASS   STACK          

        CLASS   CODE           
                init                                  0        0        4         0
                text7                              7BC6     7BC6      1FA         0
                text6                              772E     772E       6A         0
                text5                              7798     7798       6C         0
                text4                              78E2     78E2       F0         0
                text3                              76BC     76BC       26         0
                text2                              76E2     76E2       4C         0
                text1                              79D2     79D2      1F4         0
                text0                              7804     7804       DE         0
                cinit                              76AE     76AE        E         0

        CLASS   CONST          

        CLASS   SMALLCONST     

        CLASS   MEDIUMCONST    

        CLASS   COMRAM         
                cstackCOMRAM                          1        1       1C         1
                bssCOMRAM                            21       21        4         1
                nvCOMRAM                             1D       1D        4         1

        CLASS   ABS1           

        CLASS   BIGRAM         

        CLASS   RAM            

        CLASS   BANK0          

        CLASS   BANK1          

        CLASS   BANK2          

        CLASS   BANK3          

        CLASS   BANK4          

        CLASS   BANK5          

        CLASS   SFR            

        CLASS   CONFIG         
                config                           300000   300000        E         4

        CLASS   IDLOC          
                idloc                            200000   200000        8         5

        CLASS   EEDATA         

        CLASS   FARRAM         



SEGMENTS        Name                           Load    Length   Top    Selector   Space  Class

                reset_vec                      000000  000004  000004         0       0  CODE    
                cstackCOMRAM                   000001  000024  000025         1       1  COMRAM  
                cinit                          0076AE  00000E  0076BC      3B57       0  CODE    
                text3                          0076BC  000026  0076E2      3B5E       0  CODE    
                text2                          0076E2  00004C  00772E      3B71       0  CODE    
                text6                          00772E  00006A  007798      3B97       0  CODE    
                text5                          007798  00006C  007804      3BCC       0  CODE    
                text0                          007804  0000DE  0078E2      3C02       0  CODE    
                text4                          0078E2  0000F0  0079D2      3C71       0  CODE    
                text1                          0079D2  0001F4  007BC6      3CE9       0  CODE    
                text7                          007BC6  0001FA  007DC0      3DE3       0  CODE    


UNUSED ADDRESS RANGES

        Name                Unused          Largest block    Delta
        BANK0            000080-0000FF               80
        BANK1            000100-0001FF              100
        BANK2            000200-0002FF              100
        BANK3            000300-0003FF              100
        BANK4            000400-0004FF              100
        BANK5            000500-0005F3               F4
        BIGRAM           000025-0005F3              5CF
        CODE             000004-0076AD             76AA
        COMRAM           000025-00007F               5B
        CONST            000004-0076AD             76AA
        EEDATA           F00000-F000FF              100
        MEDIUMCONST      000600-0076AD             70AE
        RAM              000080-0005F3              100
        SFR              000F80-000F9B               1C
                         000F9D-000FD3               37
                         000FD5-000FDA                6
                         000FE0-000FE2                3
                         000FE8-000FEA                3
                         000FF0-000FFC                D
        SMALLCONST       000600-0076AD              100
        STACK            000080-0005F3              574

                                  Symbol Table

?___lmul                 cstackCOMRAM 000001
?_rand                   cstackCOMRAM 00000D
?_time                   cstackCOMRAM 000001
_LATA                    (abs)        000F89
_LATC                    (abs)        000F8B
_PORTA                   (abs)        000F80
_PORTAbits               (abs)        000F80
_PORTBbits               (abs)        000F81
_PORTCbits               (abs)        000F82
_TRISA                   (abs)        000F92
_TRISBbits               (abs)        000F93
_TRISCbits               (abs)        000F94
__HRAM                   (abs)        000000
__Habs1                  abs1         000000
__Hbank0                 bank0        000000
__Hbank1                 bank1        000000
__Hbank2                 bank2        000000
__Hbank3                 bank3        000000
__Hbank4                 bank4        000000
__Hbank5                 bank5        000000
__Hbigbss                bigbss       000000
__Hbigdata               bigdata      000000
__Hbigram                bigram       000000
__Hbss                   bss          000000
__HbssCOMRAM             bssCOMRAM    000000
__Hcinit                 cinit        000000
__Hclrtext               clrtext      000000
__Hcomram                comram       000000
__Hconfig                config       30000E
__Hconst                 const        000000
__HcstackCOMRAM          cstackCOMRAM 000000
__Hdata                  data         000000
__Heeprom_data           eeprom_data  000000
__Hfarbss                farbss       000000
__Hfardata               fardata      000000
__Hibigdata              ibigdata     000000
__Hidata                 idata        000000
__Hidloc                 idloc        200008
__Hifardata              ifardata     000000
__Hinit                  init         000004
__Hintcode               intcode      000000
__Hintcode_body          intcode_body 000000
__Hintcodelo             intcodelo    000000
__Hintentry              intentry     000000
__Hintret                intret       000000
__Hintsave_regs          intsave_regs 000000
__Hirdata                irdata       000000
__Hmediumconst           mediumconst  000000
__HnvCOMRAM              nvCOMRAM     000000
__HnvFARRAM              nvFARRAM     000000
__Hnvbit                 nvbit        000000
__Hnvrram                nvrram       000000
__Hparam                 rparam       000000
__Hpowerup               powerup      000000
__Hram                   ram          000000
__Hramtop                ramtop       000600
__Hrbit                  rbit         000000
__Hrbss                  rbss         000000
__Hrdata                 rdata        000000
__Hreset_vec             reset_vec    000000
__Hrparam                rparam       000000
__Hsfr                   sfr          000000
__Hsmallconst            smallconst   000000
__Hspace_0               (abs)        007DC0
__Hspace_1               (abs)        000025
__Hspace_2               (abs)        000000
__Hspace_4               (abs)        60000E
__Hstack                 stack        000000
__Hstruct                struct       000000
__Htemp                  temp         000000
__Htext                  text         000000
__Htext0                 text0        000000
__Htext1                 text1        000000
__Htext2                 text2        000000
__Htext3                 text3        000000
__Htext4                 text4        000000
__Htext5                 text5        000000
__Htext6                 text6        000000
__Htext7                 text7        000000
__LRAM                   (abs)        000001
__Labs1                  abs1         000000
__Lbank0                 bank0        000000
__Lbank1                 bank1        000000
__Lbank2                 bank2        000000
__Lbank3                 bank3        000000
__Lbank4                 bank4        000000
__Lbank5                 bank5        000000
__Lbigbss                bigbss       000000
__Lbigdata               bigdata      000000
__Lbigram                bigram       000000
__Lbss                   bss          000000
__LbssCOMRAM             bssCOMRAM    000000
__Lcinit                 cinit        000000
__Lclrtext               clrtext      000000
__Lcomram                comram       000000
__Lconfig                config       000000
__Lconst                 const        000000
__LcstackCOMRAM          cstackCOMRAM 000000
__Ldata                  data         000000
__Leeprom_data           eeprom_data  000000
__Lfarbss                farbss       000000
__Lfardata               fardata      000000
__Libigdata              ibigdata     000000
__Lidata                 idata        000000
__Lidloc                 idloc        000000
__Lifardata              ifardata     000000
__Linit                  init         000000
__Lintcode               intcode      000000
__Lintcode_body          intcode_body 000000
__Lintcodelo             intcodelo    000000
__Lintentry              intentry     000000
__Lintret                intret       000000
__Lintsave_regs          intsave_regs 000000
__Lirdata                irdata       000000
__Lmediumconst           mediumconst  000000
__LnvCOMRAM              nvCOMRAM     000000
__LnvFARRAM              nvFARRAM     000000
__Lnvbit                 nvbit        000000
__Lnvrram                nvrram       000000
__Lparam                 rparam       000000
__Lpowerup               powerup      000000
__Lram                   ram          000000
__Lramtop                ramtop       000600
__Lrbit                  rbit         000000
__Lrbss                  rbss         000000
__Lrdata                 rdata        000000
__Lreset_vec             reset_vec    000000
__Lrparam                rparam       000000
__Lsfr                   sfr          000000
__Lsmallconst            smallconst   000000
__Lspace_0               (abs)        000000
__Lspace_1               (abs)        000000
__Lspace_2               (abs)        000000
__Lspace_4               (abs)        000000
__Lstack                 stack        000000
__Lstruct                struct       000000
__Ltemp                  temp         000000
__Ltext                  text         000000
__Ltext0                 text0        000000
__Ltext1                 text1        000000
__Ltext2                 text2        000000
__Ltext3                 text3        000000
__Ltext4                 text4        000000
__Ltext5                 text5        000000
__Ltext6                 text6        000000
__Ltext7                 text7        000000
__S0                     (abs)        007DC0
__S1                     (abs)        000025
__S2                     (abs)        000000
__S4                     (abs)        000000
__S5                     (abs)        000000
___inthi_sp              stack        000000
___intlo_sp              stack        000000
___lmul                  text6        00772E
___lmul@multiplicand     cstackCOMRAM 000005
___lmul@multiplier       cstackCOMRAM 000001
___lmul@product          cstackCOMRAM 000009
___param_bank            (abs)        000000
___rparam_used           (abs)        000001
___sp                    stack        000000
__accesstop              (abs)        000080
__activetblptr           (abs)        000000
__end_of___lmul          text6        007798
__end_of__initialization cinit        0076B6
__end_of_main            text0        0078E2
__end_of_rand            text5        007804
__end_of_running_LED     text7        007DC0
__end_of_select_target   text4        0079D2
__end_of_srand           text3        0076E2
__end_of_time            text2        00772E
__end_of_win_LED         text1        007BC6
__initialization         cinit        0076AE
__mediumconst            mediumconst  000000
__pbssCOMRAM             bssCOMRAM    000021
__pcinit                 cinit        0076AE
__pcstackCOMRAM          cstackCOMRAM 000001
__pnvCOMRAM              nvCOMRAM     00001D
__ptext0                 text0        007804
__ptext1                 text1        0079D2
__ptext2                 text2        0076E2
__ptext3                 text3        0076BC
__ptext4                 text4        0078E2
__ptext5                 text5        007798
__ptext6                 text6        00772E
__ptext7                 text7        007BC6
__ramtop                 ramtop       000600
__size_of___lmul         (abs)        000000
__size_of_main           (abs)        000000
__size_of_rand           (abs)        000000
__size_of_running_LED    (abs)        000000
__size_of_select_target  (abs)        000000
__size_of_srand          (abs)        000000
__size_of_time           (abs)        000000
__size_of_win_LED        (abs)        000000
__smallconst             smallconst   000000
_choose                  bssCOMRAM    000021
_main                    text0        007804
_rand                    text5        007798
_running_LED             text7        007BC6
_seed                    nvCOMRAM     00001D
_select_target           text4        0078E2
_srand                   text3        0076BC
_target                  bssCOMRAM    000023
_time                    text2        0076E2
_win_LED                 text1        0079D2
end_of_initialization    cinit        0076B6
intlevel0                text         000000
intlevel1                text         000000
intlevel2                text         000000
intlevel3                text         000000
isa$std                  (abs)        000001
isa$xinst                (abs)        000000
running_LED@count        cstackCOMRAM 000002
select_target@randnum    cstackCOMRAM 000013
srand@s                  cstackCOMRAM 000009
stackhi                  (abs)        0005F3
stacklo                  (abs)        000080
start                    init         000000
start_initialization     cinit        0076AE
time@t                   cstackCOMRAM 000001
win_LED@i                cstackCOMRAM 000002
win_LED@i_407            cstackCOMRAM 000004


MODULE INFORMATION

Module		Function		Class		Link	Load	Size
project_LED.c
		_win_LED       		CODE           	79D2	0000	500
		_select_target 		CODE           	78E2	0000	240
		_main          		CODE           	7804	0000	222
		_running_LED   		CODE           	7BC6	0000	506

project_LED.c estimated size: 1468

C:\Program Files\Microchip\xc8\v2.32\pic\sources\c99\common\rand.c
		_srand         		CODE           	76BC	0000	38
		_rand          		CODE           	7798	0000	108

C:\Program Files\Microchip\xc8\v2.32\pic\sources\c99\common\rand.c estimated size: 146

shared
		__initialization		CODE           	76AE	0000	8

shared estimated size: 8

C:\Program Files\Microchip\xc8\v2.32\pic\sources\c99\common\Umul32.c
		___lmul        		CODE           	772E	0000	106

C:\Program Files\Microchip\xc8\v2.32\pic\sources\c99\common\Umul32.c estimated size: 106

C:\Program Files\Microchip\xc8\v2.32\pic\sources\c99\common\time.c
		_time          		CODE           	76E2	0000	76

C:\Program Files\Microchip\xc8\v2.32\pic\sources\c99\common\time.c estimated size: 76

