Microchip MPLAB XC8 Compiler V2.32

Linker command line:

-W-3 --edf=C:\Program Files\Microchip\xc8\v2.32\pic\dat\en_msgs.txt -cn \
  -h+dist/default/debug\Animation-Displayer-main.debug.sym \
  --cmf=dist/default/debug\Animation-Displayer-main.debug.cmf -z -Q18F4520 \
  -oC:\Users\User\AppData\Local\Temp\xcAsja4.4 --defsym=__MPLAB_BUILD=1 \
  -Mdist/default/debug/Animation-Displayer-main.debug.map -E1 \
  -ver=XC8 Compiler --acfsm=1493 -ASTACK=080h-05F3h -pstack=STACK \
  -ACODE=00h-07DBFh -ACONST=00h-07DBFh \
  -ASMALLCONST=0600h-06FFhx119,07D00h-07DBFh -AMEDIUMCONST=0600h-07DBFh \
  -ACOMRAM=01h-07Fh -AABS1=00h-05F3h -ABIGRAM=01h-05F3h \
  -ARAM=080h-0FFh,0100h-01FFhx4,0500h-05F3h -ABANK0=080h-0FFh \
  -ABANK1=0100h-01FFh -ABANK2=0200h-02FFh -ABANK3=0300h-03FFh \
  -ABANK4=0400h-04FFh -ABANK5=0500h-05F3h \
  -ASFR=0F80h-0F9Bh,0F9Dh-0FD3h,0FD5h-0FDAh,0FE0h-0FE2h,0FE8h-0FEAh,0FF0h-0FFCh \
  -ACONFIG=0300000h-030000Dh -AIDLOC=0200000h-0200007h \
  -AEEDATA=0F00000h-0F000FFh -peeprom_data=EEDATA \
  -preset_vec=00h,intcode=08h,intcodelo=018h,powerup,init -pramtop=0600h \
  -psmallconst=SMALLCONST -pmediumconst=MEDIUMCONST -pconst=CONST \
  -AFARRAM=00h-00h \
  -prdata=COMRAM,nvrram=COMRAM,nvbit=COMRAM,rbss=COMRAM,rbit=COMRAM \
  -pfarbss=FARRAM,fardata=FARRAM,nvFARRAM=FARRAM \
  -pintsave_regs=BIGRAM,bigbss=BIGRAM,bigdata=BIGRAM -pbss=RAM \
  -pidata=CODE,irdata=CODE,ibigdata=CODE,ifardata=CODE -prparam=COMRAM \
  C:\Users\User\AppData\Local\Temp\xcAsja4.o \
  dist/default/debug\Animation-Displayer-main.debug.o 

Object code version is 3.11

Machine type is 18F4520



                Name                               Link     Load   Length Selector   Space Scale
C:\Users\User\AppData\Local\Temp\xcAsja4.o
                idloc                            200000   200000        8        0       5
                config                           300000   300000        E        0       4
                init                                 6C       6C        4        C       0
                reset_vec                             0        0        4        0       0
dist/default/debug\Animation-Displayer-main.debug.o
                intcodelo                            18       18       54        C       0
                intcode                               8        8        6        4       0
                idloc                            200000   200000        8        0       5
                config                           300000   300000        E        0       4
                temp                                 42       42        1        1       1
                mediumconst                        7BFE     7BFE      1C2     3DFF       0
                intcode_body                       127E     127E       20        C       0
                text14                             1098     1098       B0        C       0
                text13                             12FA     12FA       16        C       0
                text12                             11F2     11F2       44        C       0
                text10                             1236     1236       26        C       0
                text9                              12E4     12E4       16        C       0
                text8                              1310     1310        C        C       0
                text7                              1324     1324        8        C       0
                text6                              131C     131C        8        C       0
                text5                              125C     125C       22        C       0
                text4                              12CE     12CE       16        C       0
                text3                              12B8     12B8       16        C       0
                text2                              1148     1148       56        C       0
                text1                              119E     119E       54        C       0
                text0                                70       70     1028        C       0
                cstackCOMRAM                         2B       2B       17        1       1
                bssCOMRAM                             1        1       2A        1       1
                cinit                              129E     129E       1A        C       0

TOTAL           Name                               Link     Load   Length     Space
        CLASS   STACK          

        CLASS   CODE           
                intcodelo                            18       18       54         0
                intcode                               8        8        6         0
                init                                 6C       6C        4         0
                reset_vec                             0        0        4         0
                intcode_body                       127E     127E       20         0
                text14                             1098     1098       B0         0
                text13                             12FA     12FA       16         0
                text12                             11F2     11F2       44         0
                text10                             1236     1236       26         0
                text9                              12E4     12E4       16         0
                text8                              1310     1310        C         0
                text7                              1324     1324        8         0
                text6                              131C     131C        8         0
                text5                              125C     125C       22         0
                text4                              12CE     12CE       16         0
                text3                              12B8     12B8       16         0
                text2                              1148     1148       56         0
                text1                              119E     119E       54         0
                text0                                70       70     1028         0
                cinit                              129E     129E       1A         0

        CLASS   CONST          

        CLASS   SMALLCONST     

        CLASS   MEDIUMCONST    
                mediumconst                        7BFE     7BFE      1C2         0

        CLASS   COMRAM         
                temp                                 42       42        1         1
                cstackCOMRAM                         2B       2B       17         1
                bssCOMRAM                             1        1       2A         1

        CLASS   ABS1           

        CLASS   BIGRAM         

        CLASS   RAM            

        CLASS   BANK0          

        CLASS   BANK1          

        CLASS   BANK2          

        CLASS   BANK3          

        CLASS   BANK4          

        CLASS   BANK5          

        CLASS   SFR            

        CLASS   CONFIG         
                config                           300000   300000        E         4

        CLASS   IDLOC          
                idloc                            200000   200000        8         5

        CLASS   EEDATA         

        CLASS   FARRAM         



SEGMENTS        Name                           Load    Length   Top    Selector   Space  Class

                reset_vec                      000000  000004  000004         0       0  CODE    
                bssCOMRAM                      000001  000042  000043         1       1  COMRAM  
                intcode                        000008  000006  00000E         4       0  CODE    
                intcodelo                      000018  001314  00132C         C       0  CODE    
                mediumconst                    007BFE  0001C2  007DC0      3DFF       0  MEDIUMCO


UNUSED ADDRESS RANGES

        Name                Unused          Largest block    Delta
        BANK0            000080-0000FF               80
        BANK1            000100-0001FF              100
        BANK2            000200-0002FF              100
        BANK3            000300-0003FF              100
        BANK4            000400-0004FF              100
        BANK5            000500-0005F3               F4
        BIGRAM           000043-0005F3              5B1
        CODE             000004-000007                4
                         00000E-000017                A
                         00132C-007BFD             68D2
        COMRAM           000043-00007F               3D
        CONST            000004-000007                4
                         00000E-000017                A
                         00132C-007BFD             68D2
        EEDATA           F00000-F000FF              100
        MEDIUMCONST      00132C-007BFD             68D2
        RAM              000080-0005F3              100
        SFR              000F80-000F9B               1C
                         000F9D-000FD3               37
                         000FD5-000FDA                6
                         000FE0-000FE2                3
                         000FE8-000FEA                3
                         000FF0-000FFC                D
        SMALLCONST       00132C-007BFD              100
        STACK            000080-0005F3              574

                                  Symbol Table

?_ADC_Read                      cstackCOMRAM 000036
?___awmod                       cstackCOMRAM 00002B
ADC_Read@channel                cstackCOMRAM 000036
ADC_Read@digital                cstackCOMRAM 000038
UART_Write@data                 cstackCOMRAM 000036
UART_Write_Text@i               cstackCOMRAM 00003B
UART_Write_Text@text            cstackCOMRAM 000037
_ADCON0bits                     (abs)        000FC2
_ADCON1                         (abs)        000FC1
_ADCON1bits                     (abs)        000FC1
_ADCON2bits                     (abs)        000FC0
_ADC_Initialize                 text9        0012E4
_ADC_Read                       text10       001236
_ADFM                           (abs)        007E07
_ADRESH                         (abs)        000FC4
_ADRESL                         (abs)        000FC3
_BAUDCONbits                    (abs)        000FB8
_CCP1CON                        (abs)        000FBD
_CCP1_Initialize                text8        001310
_CREN                           (abs)        007D5C
_Hi_ISR                         intcode      000008
_INTCONbits                     (abs)        000FF2
_INTERRUPT_Initialize           text7        001324
_IPR1bits                       (abs)        000F9F
_IRCF0                          (abs)        007E9C
_IRCF1                          (abs)        007E9D
_IRCF2                          (abs)        007E9E
_Lo_ISR                         intcodelo    000018
_MyusartRead                    text12       0011F2
_OSCILLATOR_Initialize          text6        00131C
_PIE1bits                       (abs)        000F9D
_PIR1bits                       (abs)        000F9E
_PORTBbits                      (abs)        000F81
_PORTC                          (abs)        000F82
_PORTCbits                      (abs)        000F82
_PORTD                          (abs)        000F83
_PORTE                          (abs)        000F84
_PORTEbits                      (abs)        000F84
_RC2                            (abs)        007C12
_RCIF                           (abs)        007CF5
_RCONbits                       (abs)        000FD0
_RCREG                          (abs)        000FAE
_RCSTAbits                      (abs)        000FAB
_SPBRG                          (abs)        000FAF
_SYSTEM_Initialize              text4        0012CE
_TMR3                           (abs)        000FB2
_TRISA                          (abs)        000F92
_TRISB                          (abs)        000F93
_TRISC                          (abs)        000F94
_TRISCbits                      (abs)        000F94
_TRISD                          (abs)        000F95
_TRISE                          (abs)        000F96
_TXREG                          (abs)        000FAD
_TXSTAbits                      (abs)        000FAC
_UART_Initialize                text5        00125C
_UART_Write                     text3        0012B8
_UART_Write_Text                text2        001148
__HRAM                          (abs)        000000
__Habs1                         abs1         000000
__Hbank0                        bank0        000000
__Hbank1                        bank1        000000
__Hbank2                        bank2        000000
__Hbank3                        bank3        000000
__Hbank4                        bank4        000000
__Hbank5                        bank5        000000
__Hbigbss                       bigbss       000000
__Hbigdata                      bigdata      000000
__Hbigram                       bigram       000000
__Hbss                          bss          000000
__HbssCOMRAM                    bssCOMRAM    000000
__Hcinit                        cinit        000000
__Hclrtext                      clrtext      000000
__Hcomram                       comram       000000
__Hconfig                       config       30000E
__Hconst                        const        000000
__HcstackCOMRAM                 cstackCOMRAM 000000
__Hdata                         data         000000
__Heeprom_data                  eeprom_data  000000
__Hfarbss                       farbss       000000
__Hfardata                      fardata      000000
__Hibigdata                     ibigdata     000000
__Hidata                        idata        000000
__Hidloc                        idloc        200008
__Hifardata                     ifardata     000000
__Hinit                         init         000070
__Hintcode                      intcode      00000E
__Hintcode_body                 intcode_body 000000
__Hintcodelo                    intcodelo    00006C
__Hintentry                     intentry     000000
__Hintret                       intret       000000
__Hintsave_regs                 intsave_regs 000000
__Hirdata                       irdata       000000
__Hmediumconst                  mediumconst  007DC0
__HnvFARRAM                     nvFARRAM     000000
__Hnvbit                        nvbit        000000
__Hnvrram                       nvrram       000000
__Hparam                        rparam       000000
__Hpowerup                      powerup      00006C
__Hram                          ram          000000
__Hramtop                       ramtop       000600
__Hrbit                         rbit         000000
__Hrbss                         rbss         000000
__Hrdata                        rdata        000000
__Hreset_vec                    reset_vec    000004
__Hrparam                       rparam       000000
__Hsfr                          sfr          000000
__Hsmallconst                   smallconst   000000
__Hspace_0                      (abs)        007DC0
__Hspace_1                      (abs)        000043
__Hspace_2                      (abs)        000000
__Hspace_4                      (abs)        60000E
__Hstack                        stack        000000
__Hstruct                       struct       000000
__Htemp                         temp         000043
__Htext                         text         000000
__Htext0                        text0        000000
__Htext1                        text1        000000
__Htext10                       text10       000000
__Htext12                       text12       000000
__Htext13                       text13       000000
__Htext14                       text14       000000
__Htext2                        text2        000000
__Htext3                        text3        000000
__Htext4                        text4        000000
__Htext5                        text5        000000
__Htext6                        text6        000000
__Htext7                        text7        000000
__Htext8                        text8        000000
__Htext9                        text9        000000
__LRAM                          (abs)        000001
__Labs1                         abs1         000000
__Lbank0                        bank0        000000
__Lbank1                        bank1        000000
__Lbank2                        bank2        000000
__Lbank3                        bank3        000000
__Lbank4                        bank4        000000
__Lbank5                        bank5        000000
__Lbigbss                       bigbss       000000
__Lbigdata                      bigdata      000000
__Lbigram                       bigram       000000
__Lbss                          bss          000000
__LbssCOMRAM                    bssCOMRAM    000000
__Lcinit                        cinit        000000
__Lclrtext                      clrtext      000000
__Lcomram                       comram       000000
__Lconfig                       config       000000
__Lconst                        const        000000
__LcstackCOMRAM                 cstackCOMRAM 000000
__Ldata                         data         000000
__Leeprom_data                  eeprom_data  000000
__Lfarbss                       farbss       000000
__Lfardata                      fardata      000000
__Libigdata                     ibigdata     000000
__Lidata                        idata        000000
__Lidloc                        idloc        000000
__Lifardata                     ifardata     000000
__Linit                         init         00006C
__Lintcode                      intcode      000008
__Lintcode_body                 intcode_body 000000
__Lintcodelo                    intcodelo    000018
__Lintentry                     intentry     000000
__Lintret                       intret       000000
__Lintsave_regs                 intsave_regs 000000
__Lirdata                       irdata       000000
__Lmediumconst                  mediumconst  007BFE
__LnvFARRAM                     nvFARRAM     000000
__Lnvbit                        nvbit        000000
__Lnvrram                       nvrram       000000
__Lparam                        rparam       000000
__Lpowerup                      powerup      00006C
__Lram                          ram          000000
__Lramtop                       ramtop       000600
__Lrbit                         rbit         000000
__Lrbss                         rbss         000000
__Lrdata                        rdata        000000
__Lreset_vec                    reset_vec    000000
__Lrparam                       rparam       000000
__Lsfr                          sfr          000000
__Lsmallconst                   smallconst   000000
__Lspace_0                      (abs)        000000
__Lspace_1                      (abs)        000000
__Lspace_2                      (abs)        000000
__Lspace_4                      (abs)        000000
__Lstack                        stack        000000
__Lstruct                       struct       000000
__Ltemp                         temp         000042
__Ltext                         text         000000
__Ltext0                        text0        000000
__Ltext1                        text1        000000
__Ltext10                       text10       000000
__Ltext12                       text12       000000
__Ltext13                       text13       000000
__Ltext14                       text14       000000
__Ltext2                        text2        000000
__Ltext3                        text3        000000
__Ltext4                        text4        000000
__Ltext5                        text5        000000
__Ltext6                        text6        000000
__Ltext7                        text7        000000
__Ltext8                        text8        000000
__Ltext9                        text9        000000
__S0                            (abs)        007DC0
__S1                            (abs)        000043
__S2                            (abs)        000000
__S4                            (abs)        000000
__S5                            (abs)        000000
___awmod                        text14       001098
___awmod@counter                cstackCOMRAM 00002F
___awmod@dividend               cstackCOMRAM 00002B
___awmod@divisor                cstackCOMRAM 00002D
___awmod@sign                   cstackCOMRAM 000030
___inthi_sp                     stack        000000
___intlo_sp                     stack        000000
___param_bank                   (abs)        000000
___rparam_used                  (abs)        000001
___sp                           stack        000000
__accesstop                     (abs)        000080
__activetblptr                  (abs)        000002
__end_of_ADC_Initialize         text9        0012FA
__end_of_ADC_Read               text10       00125C
__end_of_CCP1_Initialize        text8        00131C
__end_of_Hi_ISR                 intcode_body 00129E
__end_of_INTERRUPT_Initialize   text7        00132C
__end_of_Lo_ISR                 intcodelo    00006C
__end_of_MyusartRead            text12       001236
__end_of_OSCILLATOR_Initialize  text6        001324
__end_of_SYSTEM_Initialize      text4        0012E4
__end_of_UART_Initialize        text5        00127E
__end_of_UART_Write             text3        0012CE
__end_of_UART_Write_Text        text2        00119E
__end_of___awmod                text14       001148
__end_of__initialization        cinit        0012AA
__end_of_main                   text0        001098
__end_of_setBits                text1        0011F2
__end_ofi1_UART_Write           text13       001310
__initialization                cinit        00129E
__mediumconst                   mediumconst  007BFE
__pbssCOMRAM                    bssCOMRAM    000001
__pcinit                        cinit        00129E
__pcstackCOMRAM                 cstackCOMRAM 00002B
__pintcode                      intcode      000008
__pintcode_body                 intcode_body 00127E
__pintcodelo                    intcodelo    000018
__pmediumconst                  mediumconst  007BFE
__ptext0                        text0        000070
__ptext1                        text1        00119E
__ptext10                       text10       001236
__ptext12                       text12       0011F2
__ptext13                       text13       0012FA
__ptext14                       text14       001098
__ptext2                        text2        001148
__ptext3                        text3        0012B8
__ptext4                        text4        0012CE
__ptext5                        text5        00125C
__ptext6                        text6        00131C
__ptext7                        text7        001324
__ptext8                        text8        001310
__ptext9                        text9        0012E4
__ramtop                        ramtop       000600
__size_of_ADC_Initialize        (abs)        000000
__size_of_ADC_Read              (abs)        000000
__size_of_CCP1_Initialize       (abs)        000000
__size_of_Hi_ISR                (abs)        000000
__size_of_INTERRUPT_Initialize  (abs)        000000
__size_of_Lo_ISR                (abs)        000000
__size_of_MyusartRead           (abs)        000000
__size_of_OSCILLATOR_Initialize (abs)        000000
__size_of_SYSTEM_Initialize     (abs)        000000
__size_of_UART_Initialize       (abs)        000000
__size_of_UART_Write            (abs)        000000
__size_of_UART_Write_Text       (abs)        000000
__size_of___awmod               (abs)        000000
__size_of_main                  (abs)        000000
__size_of_setBits               (abs)        000000
__size_ofi1_UART_Write          (abs)        000000
__smallconst                    smallconst   000000
_lenStr                         bssCOMRAM    000015
_main                           text0        000070
_mystring                       bssCOMRAM    000017
_setBits                        text1        00119E
_str                            bssCOMRAM    000001
btemp                           temp         000042
end_of_initialization           cinit        0012AA
i1UART_Write@data               cstackCOMRAM 00002B
i1_UART_Write                   text13       0012FA
int$flags                       temp         000042
int_func                        intcode_body 00127E
intlevel0                       text         000000
intlevel1                       text         000000
intlevel2                       text         000000
intlevel3                       text         000000
isa$std                         (abs)        000001
isa$xinst                       (abs)        000000
main@check                      cstackCOMRAM 00003E
main@x                          cstackCOMRAM 000040
setBits@a                       cstackCOMRAM 00003D
setBits@b                       cstackCOMRAM 000036
setBits@c                       cstackCOMRAM 000037
setBits@d                       cstackCOMRAM 000038
setBits@e                       cstackCOMRAM 000039
setBits@f                       cstackCOMRAM 00003A
setBits@g                       cstackCOMRAM 00003B
setBits@h                       cstackCOMRAM 00003C
stackhi                         (abs)        0005F3
stacklo                         (abs)        000080
start                           init         00006C
start_initialization            cinit        00129E
ttemp5                          temp         000043
ttemp6                          temp         000046
ttemp7                          temp         00004A
wtemp8                          temp         000043


MODULE INFORMATION

Module		Function		Class		Link	Load	Size
setting_hardaware/interrupt_manager.c
		_INTERRUPT_Initialize		CODE           	1324	0000	8

setting_hardaware/interrupt_manager.c estimated size: 8

setting_hardaware/uart.c
		_Lo_ISR        		CODE           	0018	0000	84
		_MyusartRead   		CODE           	11F2	0000	68
		_UART_Write_Text		CODE           	1148	0000	86
		_UART_Initialize		CODE           	125C	0000	34
		_UART_Write    		CODE           	12B8	0000	22

setting_hardaware/uart.c estimated size: 294

setting_hardaware/ccp1.c
		_CCP1_Initialize		CODE           	1310	0000	12

setting_hardaware/ccp1.c estimated size: 12

setting_hardaware/adc.c
		_ADC_Initialize		CODE           	12E4	0000	22
		_ADC_Read      		CODE           	1236	0000	38

setting_hardaware/adc.c estimated size: 60

shared
		i1_UART_Write  		CODE           	12FA	0000	22
		__initialization		CODE           	129E	0000	12

shared estimated size: 34

C:\Program Files\Microchip\xc8\v2.32\pic\sources\c99\common\awmod.c
		___awmod       		CODE           	1098	0000	176

C:\Program Files\Microchip\xc8\v2.32\pic\sources\c99\common\awmod.c estimated size: 176

setting_hardaware/setting.c
		_OSCILLATOR_Initialize		CODE           	131C	0000	8
		_SYSTEM_Initialize		CODE           	12CE	0000	22

setting_hardaware/setting.c estimated size: 30

main.c
		_setBits       		CODE           	119E	0000	84
		_main          		CODE           	0070	0000	4136
		_Hi_ISR        		CODE           	0008	0000	38

main.c estimated size: 4258

